## ZFS文件系统

> 因为我之前是用的true NAS来保存的文件，现在发现这kvm好像安装不上trueNAS，所以最后就考虑直接让ubuntu系统自己去加载了

```bash
# 安装对应工具
sudo apt install zfsutils-linux 
# 查看所有磁盘
blkid -d
# 查看没有引入的池
sudo zpool import
# 引入已有的文件系统
sudo zpool import data -f
# 查看所有存储池
zpool list
# 查看存储池状态
sudo zpool status
# 获取存储池的挂载点
zfs get mountpoint data
# 手动设置挂载点
zfs set mountpoint=/data/stroage data


# 列出所有的数据集
zfs list
# 销毁数据集
zfs destroy app/iocage


# 删除存储池
sudo zpool destroy app
# 手动创建一个raidz存储池
sudo zpool create app raidz sde sdf sdg -f
# 创建数据集
sudo zfs create app/data
```

## 磁盘挂载

除了zfs文件系统，还有一块512G和1T的固态，我这里打算直接格式化然后本地使用

```bash
# 查看我们所有的设备
lsblk 
# 下面这里可以看到所有设备的一个信息
NAME                      MAJ:MIN RM   SIZE RO TYPE MOUNTPOINTS
sda                         8:0    0  14.6T  0 disk 
├─sda1                      8:1    0     2G  0 part 
└─sda2                      8:2    0  14.6T  0 part 
sdb                         8:16   0  14.6T  0 disk 
├─sdb1                      8:17   0     2G  0 part 
└─sdb2                      8:18   0  14.6T  0 part 
sdc                         8:32   0  14.6T  0 disk 
├─sdc1                      8:33   0     2G  0 part 
└─sdc2                      8:34   0  14.

6T  0 part 
sdd                         8:48   0  14.6T  0 disk 
├─sdd1                      8:49   0     2G  0 part 
└─sdd2                      8:50   0  14.6T  0 part 
sde                         8:64   0   3.6T  0 disk 
├─sde1                      8:65   0     2G  0 part 
└─sde2                      8:66   0   3.6T  0 part 
sdf                         8:80   0   3.6T  0 disk 
├─sdf1                      8:81   0     2G  0 part 
└─sdf2                      8:82   0   3.6T  0 part 
nvme1n1                   259:0    0 931.5G  0 disk 
└─nvme1n1p1               259:1    0 931.5G  0 part 
nvme2n1                   259:2    0   1.8T  0 disk 
├─nvme2n1p1               259:4    0     1G  0 part /boot/efi
├─nvme2n1p2               259:5    0     2G  0 part /boot
└─nvme2n1p3               259:6    0   1.8T  0 part 
  └─ubuntu--vg-ubuntu--lv 253:0    0   600G  0 lvm  /
nvme0n1                   259:3    0 465.8G  0 disk 

# 我们先看一下这个nvme的文件系统信息
xiaoyou@xiaoyou-server:~$ blkid | grep nvme0n1
/dev/nvme0n1p5: SEC_TYPE="msdos" UUID="532A-AB91" BLOCK_SIZE="512" TYPE="vfat" PARTUUID="a3eb8706-5e01-49ff-b1a5-b2af6b8ec78c"
/dev/nvme0n1p3: UUID_SUB="613bce09-bf9ea0ba-e3c8-7085c2a41f47" TYPE="VMFS_volume_member" PARTUUID="a94c3926-31fe-4859-b8d8-39032a7388de"
/dev/nvme0n1p1: SEC_TYPE="msdos" LABEL_FATBOOT="ESXi" LABEL="ESXi" UUID="6040-273D" BLOCK_SIZE="512" TYPE="vfat" PARTUUID="5e251a6b-6f17-43b9-9a44-6eb5da4b1c7f"
/dev/nvme0n1p8: SEC_TYPE="msdos" UUID="532A-AB91" BLOCK_SIZE="512" TYPE="vfat" PARTUUID="82a81adf-c8b6-4425-8e16-a0519acf5f6e"
/dev/nvme0n1p6: SEC_TYPE="msdos" UUID="532A-AB91" BLOCK_SIZE="512" TYPE="vfat" PARTUUID="e7b70c8c-47d0-431c-9cee-13e37f66b5a8"
/dev/nvme0n1p2: SEC_TYPE="msdos" UUID="532A-AB95" BLOCK_SIZE="512" TYPE="vfat" PARTUUID="37e6a675-f55c-4426-899a-d41327cfdd9c"


# 列出磁盘分区表，这里可以看到详细的分区信息
xiaoyou@xiaoyou-server:~$ sudo parted /dev/nvme0n1 print
Model: KINGSTON SNVS500G (nvme)
Disk /dev/nvme0n1: 500GB
Sector size (logical/physical): 512B/512B
Partition Table: gpt
Disk Flags: 

Number  Start   End     Size    File system  Name  Flags
 1      32.8kB  4194kB  4162kB  fat16              boot, esp
 5      4211kB  266MB   262MB   fat16              msftdata
 6      266MB   528MB   262MB   fat16              msftdata
 7      528MB   644MB   115MB
 8      644MB   944MB   300MB   fat16              msftdata
 9      944MB   3628MB  2684MB
 2      3628MB  7922MB  4294MB  fat16              msftdata
 3      7922MB  500GB   492GB

# 下面我们进行分区操作
sudo gdisk /dev/nvme0n1
# 这里介绍一些常用的指令
Command (? for help): p # 打印分区
Command (? for help): d # 删除分区·如果你有多个分区，这里会让你输入号码
Using 1
Command (? for help): n  # 这里是新建分区
Partition number (1-128, default 1): 1 # 分区号，因为我们是新硬盘。直接+1即可
First sector (34-20971486, default = 2048) or {+-}size{KMGTP}: +1G # 开始位置，这里可以只有默认，也可以自己手动设置
Last sector (2099200-20971486, default = 20971486) or {+-}size{KMGTP}: 
Current type is 8300 (Linux filesystem)
Hex code or GUID (L to show codes, Enter = 8300):  # 这里是文件系统ID，直接默认即可
Changed type of partition to 'Linux filesystem'
Command (? for help): w # 输入w保存分区
Final checks complete. About to write GPT data. THIS WILL OVERWRITE EXISTING
PARTITIONS!!
Do you want to proceed? (Y/N): y
OK; writing new GUID partition table (GPT) to /dev/nvme0n1.
The operation has completed successfully.

# 最后我们更新一下分区表，这里会把所有的分区都显示出来
xiaoyou@xiaoyou-server:~$ sudo partprobe -s
/dev/mapper/ubuntu--vg-ubuntu--lv: loop partitions 1
/dev/nvme0n1: gpt partitions 1
/dev/nvme2n1: gpt partitions 1 2 3
/dev/nvme1n1: gpt partitions 1

# 下面我们格式化一下文件系统，这里我用的是ext4的格式，后面一路回车就好
xiaoyou@xiaoyou-server:~$ sudo mkfs.ext4 /dev/nvme0n1
mke2fs 1.46.5 (30-Dec-2021)
Found a gpt partition table in /dev/nvme0n1
Proceed anyway? (y,N) y
Discarding device blocks: done                            
Creating filesystem with 122096646 4k blocks and 30531584 inodes
Filesystem UUID: 0bddc232-7e35-418e-91cb-99c6d15e3c1c
Superblock backups stored on blocks: 
        32768, 98304, 163840, 229376, 294912, 819200, 884736, 1605632, 2654208, 
        4096000, 7962624, 11239424, 20480000, 23887872, 71663616, 78675968, 
        102400000

Allocating group tables: done                            
Writing inode tables: done                            
Creating journal (262144 blocks): 
done
Writing superblocks and filesystem accounting information: done  

# 格式完毕后我们挂载一下文件系统
# 先查看一下UUID
xiaoyou@xiaoyou-server:~$ sudo blkid /dev/nvme0n1
/dev/nvme0n1: UUID="0bddc232-7e35-418e-91cb-99c6d15e3c1c" BLOCK_SIZE="4096" TYPE="ext4"
# 然后直接挂载
mount UUID="0bddc232-7e35-418e-91cb-99c6d15e3c1c" /data/sys1
# 查看一下挂载情况，可以看到这个已经挂载上去了
xiaoyou@xiaoyou-server:~$ df -lh
Filesystem                         Size  Used Avail Use% Mounted on
/dev/mapper/ubuntu--vg-ubuntu--lv  591G   26G  540G   5% /
/dev/nvme0n1                       458G   28K  435G   1% /data/sys1

# 最后就是开机自动挂载了
sudo vim /etc/fstab
# 然后把我们的磁盘给加上去
UUID="0bddc232-7e35-418e-91cb-99c6d15e3c1c" /data/sys1 ext4 defaults 0 0
UUID="9b064851-4368-4393-b8ba-4b1cfb42c04b" /data/sys2 ext4 defaults 0 0


# 然后测试一下，如果磁盘挂载上去了那就没问题了，下次重启一下就可以自动挂载了
xiaoyou@xiaoyou-server:~$ sudo mount -a 
```

## smba共享

为了方便起见，我就直接使用docker了

```bash
sudo docker run -it --name samba -p 139:139 -p 445:445 -v /data/stroage/cloud:/mount -d dperson/samba -u "xiaoyou;xiaoyou" -s "share;/mount/;yes;no;no;all;user;user"
```
